[2025-04-09, 15:41:28.170611] place: INFO : Release 1.0 - Place
Copyright (c) 2006-2009 FPGA-SoftwareGP.MEKeylab.FDU   All rights reserved.
[2025-04-09, 15:41:28.173120] place: INFO : Progress    0%: parsing commands ...
[2025-04-09, 15:41:28.174129] place: INFO : Progress   10%: loading arch library "\\?\E:\Program Files\UFDE+\resource\hw_lib\fdp3p7_arch.xml" ...
[2025-04-09, 15:41:28.413783] place: INFO : Progress   20%: loading netlist "LDPC_encoder_dc_pack.xml" ...
[2025-04-09, 15:41:28.440881] place: INFO : Progress   30%: loading constraint "E:\UFDE_Project\FDELab\LDPC\UFDE\LDPC_encoder\LDPC_encoder_cons.xml" ...
[2025-04-09, 15:41:28.441882] place: INFO : Effort Level  : 10
[2025-04-09, 15:41:28.441882] place: INFO : Mode          : Timing Driven
[2025-04-09, 15:41:28.451053] place: INFO : Progress   40%: loading delay library "\\?\E:\Program Files\UFDE+\resource\hw_lib\fdp3p7_dly.xml" ...
[2025-04-09, 15:41:28.471058] place: INFO : Design        : "LDPC_top", resource statistic:
[2025-04-09, 15:41:28.471058] place: INFO :   * Amount of GCLK: 1
[2025-04-09, 15:41:28.471058] place: INFO :   * Amount of GCLKIOB: 1
[2025-04-09, 15:41:28.471058] place: INFO :   * Amount of IOB: 57
[2025-04-09, 15:41:28.471058] place: INFO :   * Amount of SLICE: 455
[2025-04-09, 15:41:28.471058] place: INFO :   * Amount of Net: 955
[2025-04-09, 15:41:28.471058] place: INFO : Device        : "fdp3000k", resource usage:
[2025-04-09, 15:41:28.471058] place: INFO :   * Proportion of GCLK: 25.00%
[2025-04-09, 15:41:28.471058] place: INFO :   * Proportion of GCLKIOB: 25.00%
[2025-04-09, 15:41:28.472037] place: INFO :   * Proportion of IOB: 40.14%
[2025-04-09, 15:41:28.472037] place: INFO :   * Proportion of SLICE(LUT0): 14.81%
[2025-04-09, 15:41:28.472037] place: INFO : Progress   50%: build FPGA architecture ...
[2025-04-09, 15:41:28.664114] place: INFO : Progress   60%: begin to initially place ...
[2025-04-09, 15:41:28.701691] place: INFO :   * Initial cost = 1
[2025-04-09, 15:41:28.701691] place: INFO : Progress   70%: begin to perform place iteration ...
[2025-04-09, 15:41:28.707211] place: INFO : Progress   80%: begin to perform final place iteration ...
[2025-04-09, 15:41:29.239982] place: INFO :   * Final cost = 1
[2025-04-09, 15:41:29.240962] place: INFO : Progress   90%: begin to write placed netlist ...
[2025-04-09, 15:41:29.329003] place: INFO : Successfully finish the placement. Elapsed Time: 1s
