[2025-04-08, 00:50:40.931050] place: INFO : Release 1.0 - Place
Copyright (c) 2006-2009 FPGA-SoftwareGP.MEKeylab.FDU   All rights reserved.
[2025-04-08, 00:50:40.932049] place: INFO : Progress    0%: parsing commands ...
[2025-04-08, 00:50:40.932049] place: INFO : Progress   10%: loading arch library "\\?\E:\Program Files\UFDE+\resource\hw_lib\fdp3p7_arch.xml" ...
[2025-04-08, 00:50:41.037216] place: INFO : Progress   20%: loading netlist "name_display_dc_pack.xml" ...
[2025-04-08, 00:50:41.039236] place: INFO : Progress   30%: loading constraint "E:\UFDE_Project\FDELab\Name_display\UFDE\name_display\name_display_cons.xml" ...
[2025-04-08, 00:50:41.039236] place: INFO : Effort Level  : 10
[2025-04-08, 00:50:41.039236] place: INFO : Mode          : Timing Driven
[2025-04-08, 00:50:41.040216] place: INFO : Progress   40%: loading delay library "\\?\E:\Program Files\UFDE+\resource\hw_lib\fdp3p7_dly.xml" ...
[2025-04-08, 00:50:41.050305] place: INFO : Design        : "name_display", resource statistic:
[2025-04-08, 00:50:41.050305] place: INFO :   * Amount of GCLK: 1
[2025-04-08, 00:50:41.050305] place: INFO :   * Amount of GCLKIOB: 1
[2025-04-08, 00:50:41.050305] place: INFO :   * Amount of IOB: 13
[2025-04-08, 00:50:41.050305] place: INFO :   * Amount of SLICE: 51
[2025-04-08, 00:50:41.050305] place: INFO :   * Amount of Net: 119
[2025-04-08, 00:50:41.050305] place: INFO : Device        : "fdp3000k", resource usage:
[2025-04-08, 00:50:41.050615] place: INFO :   * Proportion of GCLK: 25.00%
[2025-04-08, 00:50:41.050615] place: INFO :   * Proportion of GCLKIOB: 25.00%
[2025-04-08, 00:50:41.050615] place: INFO :   * Proportion of IOB: 9.15%
[2025-04-08, 00:50:41.050615] place: INFO :   * Proportion of SLICE(LUT997350220): 1.66%
[2025-04-08, 00:50:41.050615] place: INFO : Progress   50%: build FPGA architecture ...
[2025-04-08, 00:50:41.077606] place: INFO : Progress   60%: begin to initially place ...
[2025-04-08, 00:50:41.079102] place: INFO :   * Initial cost = 1
[2025-04-08, 00:50:41.079102] place: INFO : Progress   70%: begin to perform place iteration ...
[2025-04-08, 00:50:41.079102] place: INFO : Progress   80%: begin to perform final place iteration ...
[2025-04-08, 00:50:41.087343] place: INFO :   * Final cost = 0.996097
[2025-04-08, 00:50:41.088343] place: INFO : Progress   90%: begin to write placed netlist ...
[2025-04-08, 00:50:41.092881] place: INFO : Successfully finish the placement. Elapsed Time: 1s
